//First Init
$ git config --global user.name "John Doe"
$ git config --global user.email john@me.com

//Checing status
$ git status
 On branch master
 Initial commit
 nothing to commit (create/copy files and use
 "git add" to track)
 
 
//Connection to remote repo
1/Если локально репо еще нет:
$ git clone https://repo/url/name.git
$ cd ./repo/
Будет создана папка repo в текущей папке, не забудьте в нее перейти
 
2/Если локально репо уже есть:
$ git remote add origin https://uname@bitbucket.org/uname/repo.git
$ git push
Будет подключен удаленный репо с именем origin. Не забудьте опубликовать туда текущие изменения.

//Adding to vommit
 
 $ git status
 On branch master
 Changes to be committed:
   (use "git rm --cached <file>..." to
unstage)
   new file:   index.html
 $ git commit -m "Создал файл дом. страницы"
 
 
 //No changes
 $ git status
 On branch master
 nothing to commit, working directory clean
 
 //History
 $ git log
  commit bd5b599b339d565f0d7c4189c6ed7b8c53bfe579
  Author: Dima Fitiskin <dfitiskin@gmail.com>
  Date:   Sat Mar 12 01:18:54 2016 +0300
      Реализован базовый функционал роутера и прототипа
  контроллера. Доработан запрос, чтобы он мог хранить параметры
  и сущности
  commit 5ca51603d11133deecef39b57f9466310699b88d
  Author: Dima Fitiskin <dfitiskin@gmail.com>
  Date:   Sat Feb 20 10:29:35 2016 +0300
      Вынес стили из шаблона
:


$ git log --oneline
  bd5b599 Реализован базовый функционал роутера и прототипа
  контроллера. Доработан запрос, чтобы он мог хранить параметры
  и сущности
  5ca5160 Вынес стили из шаблона
  5fc9d3d Редактирование параметров компании
  086f8f0 Добавил возможность просмотра акций и правил в админку
  d599b4f Вынес функционал по работе с правилами в отдельный
  модуль
  af5cbaf Условия бесплатной доставки создаются по правилам
  6f78d5e Используем название группы для названия отбора и
  названия вариант, если не задан заголовок и короткое название
  (fix #100)
  39e1301 Реализована функция задания типа группы в админке
  Группа/Группа с фильтрами/Фильтр и настройки групп и фильтров
  (fix #104)
  :
  
  //Remove and Rename
$ rm — удалить файл в консоле
$ git rm — удалить файл и зафиксировать
удаление в текущий коммит
$ mv — переименовать/переместить файл
$ git mv — переименовать и зафиксировать изменения в текущий коммит